Dec 10 06:55:46 LabSZ sshd[24200]: reverse mapping checking getaddrinfo for ns.marryaldkfaczcz.com [173.234.31.186] failed - POSSIBLE BREAK-IN ATTEMPT!
Dec 10 06:55:46 LabSZ sshd[24200]: Invalid user webmaster from 173.234.31.186
Dec 10 06:55:46 LabSZ sshd[24200]: input_userauth_request: invalid user webmaster [preauth]
Dec 10 06:55:46 LabSZ sshd[24200]: pam_unix(sshd:auth): check pass; user unknown
Dec 10 06:55:46 LabSZ sshd[24200]: pam_unix(sshd:auth): authentication failure; logname= uid=0 euid=0 tty=ssh ruser= rhost=173.234.31.186 
Dec 10 06:55:48 LabSZ sshd[24200]: Failed password for invalid user webmaster from 173.234.31.186 port 38926 ssh2
Dec 10 06:55:48 LabSZ sshd[24200]: Connection closed by 173.234.31.186 [preauth]
Dec 10 07:02:47 LabSZ sshd[24203]: Connection closed by 212.47.254.145 [preauth]
Dec 10 07:07:38 LabSZ sshd[24206]: Invalid user test9 from 52.80.34.196
Dec 10 07:07:38 LabSZ sshd[24206]: input_userauth_request: invalid user test9 [preauth]
Dec 10 07:07:38 LabSZ sshd[24206]: pam_unix(sshd:auth): check pass; user unknown
Dec 10 07:07:38 LabSZ sshd[24206]: pam_unix(sshd:auth): authentication failure; logname= uid=0 euid=0 tty=ssh ruser= rhost=ec2-52-80-34-196.cn-north-1.compute.amazonaws.com.cn 
Dec 10 07:07:45 LabSZ sshd[24206]: Failed password for invalid user test9 from 52.80.34.196 port 36060 ssh2
Dec 10 07:07:45 LabSZ sshd[24206]: Received disconnect from 52.80.34.196: 11: Bye Bye [preauth]
Dec 10 07:08:28 LabSZ sshd[24208]: reverse mapping checking getaddrinfo for ns.marryaldkfaczcz.com [173.234.31.186] failed - POSSIBLE BREAK-IN ATTEMPT!
Dec 10 07:08:28 LabSZ sshd[24208]: Invalid user webmaster from 173.234.31.186
Dec 10 07:08:28 LabSZ sshd[24208]: input_userauth_request: invalid user webmaster [preauth]
Dec 10 07:08:28 LabSZ sshd[24208]: pam_unix(sshd:auth): check pass; user unknown
Dec 10 07:08:28 LabSZ sshd[24208]: pam_unix(sshd:auth): authentication failure; logname= uid=0 euid=0 tty=ssh ruser= rhost=173.234.31.186 
Dec 10 07:08:30 LabSZ sshd[24208]: Failed password for invalid user webmaster from 173.234.31.186 port 39257 ssh2
Dec 10 07:08:30 LabSZ sshd[24208]: Connection closed by 173.234.31.186 [preauth]
Dec 10 07:11:42 LabSZ sshd[24224]: Invalid user chen from 202.100.179.208
Dec 10 07:11:42 LabSZ sshd[24224]: input_userauth_request: invalid user chen [preauth]
Dec 10 07:11:42 LabSZ sshd[24224]: pam_unix(sshd:auth): check pass; user unknown
Dec 10 07:11:42 LabSZ sshd[24224]: pam_unix(sshd:auth): authentication failure; logname= uid=0 euid=0 tty=ssh ruser= rhost=202.100.179.208 
Dec 10 07:11:44 LabSZ sshd[24224]: Failed password for invalid user chen from 202.100.179.208 port 32484 ssh2
Dec 10 07:11:44 LabSZ sshd[24224]: Received disconnect from 202.100.179.208: 11: Bye Bye [preauth]
Dec 10 07:13:31 LabSZ sshd[24227]: pam_unix(sshd:auth): authentication failure; logname= uid=0 euid=0 tty=ssh ruser= rhost=5.36.59.76.dynamic-dsl-ip.omantel.net.om  user=root
Dec 10 07:13:43 LabSZ sshd[24227]: Failed password for root from 5.36.59.76 port 42393 ssh2
Dec 10 07:13:56 LabSZ sshd[24227]: message repeated 5 times: [ Failed password for root from 5.36.59.76 port 42393 ssh2]
Dec 10 07:13:56 LabSZ sshd[24227]: Disconnecting: Too many authentication failures for root [preauth]
Dec 10 07:13:56 LabSZ sshd[24227]: PAM 5 more authentication failures; logname= uid=0 euid=0 tty=ssh ruser= rhost=5.36.59.76.dynamic-dsl-ip.omantel.net.om  user=root
Dec 10 07:13:56 LabSZ sshd[24227]: PAM service(sshd) ignoring max retries; 6 > 3
Dec 10 07:27:50 LabSZ sshd[24235]: pam_unix(sshd:auth): authentication failure; logname= uid=0 euid=0 tty=ssh ruser= rhost=112.95.230.3  user=root
Dec 10 07:27:52 LabSZ sshd[24235]: Failed password for root from 112.95.230.3 port 45378 ssh2
Dec 10 07:27:52 LabSZ sshd[24235]: Received disconnect from 112.95.230.3: 11: Bye Bye [preauth]
Dec 10 07:27:53 LabSZ sshd[24237]: pam_unix(sshd:auth): authentication failure; logname= uid=0 euid=0 tty=ssh ruser= rhost=112.95.230.3  user=root
Dec 10 07:27:55 LabSZ sshd[24237]: Failed password for root from 112.95.230.3 port 47068 ssh2
Dec 10 07:27:55 LabSZ sshd[24237]: Received disconnect from 112.95.230.3: 11: Bye Bye [preauth]
Dec 10 07:27:55 LabSZ sshd[24239]: pam_unix(sshd:auth): authentication failure; logname= uid=0 euid=0 tty=ssh ruser= rhost=112.95.230.3  user=root
Dec 10 07:27:58 LabSZ sshd[24239]: Failed password for root from 112.95.230.3 port 49188 ssh2
Dec 10 07:27:58 LabSZ sshd[24239]: Received disconnect from 112.95.230.3: 11: Bye Bye [preauth]
Dec 10 07:27:58 LabSZ sshd[24241]: pam_unix(sshd:auth): authentication failure; logname= uid=0 euid=0 tty=ssh ruser= rhost=112.95.230.3  user=root
Dec 10 07:28:00 LabSZ sshd[24241]: Failed password for root from 112.95.230.3 port 50999 ssh2
Dec 10 07:28:00 LabSZ sshd[24241]: Received disconnect from 112.95.230.3: 11: Bye Bye [preauth]
Dec 10 07:28:01 LabSZ sshd[24243]: pam_unix(sshd:auth): authentication failure; logname= uid=0 euid=0 tty=ssh ruser= rhost=112.95.230.3  user=root
Dec 10 07:28:03 LabSZ sshd[24243]: Failed password for root from 112.95.230.3 port 52660 ssh2
Dec 10 07:28:03 LabSZ sshd[24243]: Received disconnect from 112.95.230.3: 11: Bye Bye [preauth]
Dec 10 07:28:03 LabSZ sshd[24245]: Invalid user pgadmin from 112.95.230.3
Dec 10 07:28:03 LabSZ sshd[24245]: input_userauth_request: invalid user pgadmin [preauth]
Dec 10 07:28:03 LabSZ sshd[24245]: pam_unix(sshd:auth): check pass; user unknown
Dec 10 07:28:03 LabSZ sshd[24245]: pam_unix(sshd:auth): authentication failure; logname= uid=0 euid=0 tty=ssh ruser= rhost=112.95.230.3 
Dec 10 07:28:05 LabSZ sshd[24245]: Failed password for invalid user pgadmin from 112.95.230.3 port 54087 ssh2
Dec 10 07:28:05 LabSZ sshd[24245]: Received disconnect from 112.95.230.3: 11: Bye Bye [preauth]
Dec 10 07:28:06 LabSZ sshd[24247]: pam_unix(sshd:auth): authentication failure; logname= uid=0 euid=0 tty=ssh ruser= rhost=112.95.230.3  user=root
Dec 10 07:28:08 LabSZ sshd[24247]: Failed password for root from 112.95.230.3 port 55618 ssh2
Dec 10 07:28:08 LabSZ sshd[24247]: Received disconnect from 112.95.230.3: 11: Bye Bye [preauth]
Dec 10 07:28:08 LabSZ sshd[24249]: pam_unix(sshd:auth): authentication failure; logname= uid=0 euid=0 tty=ssh ruser= rhost=112.95.230.3  user=root
Dec 10 07:28:10 LabSZ sshd[24249]: Failed password for root from 112.95.230.3 port 57138 ssh2
Dec 10 07:28:10 LabSZ sshd[24249]: Received disconnect from 112.95.230.3: 11: Bye Bye [preauth]
Dec 10 07:28:10 LabSZ sshd[24251]: pam_unix(sshd:auth): authentication failure; logname= uid=0 euid=0 tty=ssh ruser= rhost=112.95.230.3  user=root
Dec 10 07:28:12 LabSZ sshd[24251]: Failed password for root from 112.95.230.3 port 58304 ssh2
Dec 10 07:28:12 LabSZ sshd[24251]: Received disconnect from 112.95.230.3: 11: Bye Bye [preauth]
Dec 10 07:28:12 LabSZ sshd[24253]: pam_unix(sshd:auth): authentication failure; logname= uid=0 euid=0 tty=ssh ruser= rhost=112.95.230.3  user=root
Dec 10 07:28:14 LabSZ sshd[24253]: Failed password for root from 112.95.230.3 port 59849 ssh2
Dec 10 07:28:14 LabSZ sshd[24253]: Received disconnect from 112.95.230.3: 11: Bye Bye [preauth]
Dec 10 07:28:14 LabSZ sshd[24255]: pam_unix(sshd:auth): authentication failure; logname= uid=0 euid=0 tty=ssh ruser= rhost=112.95.230.3  user=root
Dec 10 07:28:16 LabSZ sshd[24255]: Failed password for root from 112.95.230.3 port 32977 ssh2
Dec 10 07:28:16 LabSZ sshd[24255]: Received disconnect from 112.95.230.3: 11: Bye Bye [preauth]
Dec 10 07:28:16 LabSZ sshd[24257]: pam_unix(sshd:auth): authentication failure; logname= uid=0 euid=0 tty=ssh ruser= rhost=112.95.230.3  user=root
Dec 10 07:28:18 LabSZ sshd[24257]: Failed password for root from 112.95.230.3 port 35113 ssh2
Dec 10 07:28:18 LabSZ sshd[24257]: Received disconnect from 112.95.230.3: 11: Bye Bye [preauth]
Dec 10 07:28:19 LabSZ sshd[24259]: pam_unix(sshd:auth): authentication failure; logname= uid=0 euid=0 tty=ssh ruser= rhost=112.95.230.3  user=root
Dec 10 07:28:21 LabSZ sshd[24259]: Failed password for root from 112.95.230.3 port 37035 ssh2
Dec 10 07:28:21 LabSZ sshd[24259]: Received disconnect from 112.95.230.3: 11: Bye Bye [preauth]
Dec 10 07:28:21 LabSZ sshd[24261]: pam_unix(sshd:auth): authentication failure; logname= uid=0 euid=0 tty=ssh ruser= rhost=112.95.230.3  user=root
Dec 10 07:28:23 LabSZ sshd[24261]: Failed password for root from 112.95.230.3 port 39041 ssh2
Dec 10 07:28:23 LabSZ sshd[24261]: Received disconnect from 112.95.230.3: 11: Bye Bye [preauth]
Dec 10 07:28:23 LabSZ sshd[24263]: pam_unix(sshd:auth): authentication failure; logname= uid=0 euid=0 tty=ssh ruser= rhost=112.95.230.3  user=root
Dec 10 07:28:25 LabSZ sshd[24263]: Failed password for root from 112.95.230.3 port 40388 ssh2
Dec 10 07:28:25 LabSZ sshd[24263]: Received disconnect from 112.95.230.3: 11: Bye Bye [preauth]
Dec 10 07:28:25 LabSZ sshd[24265]: Invalid user utsims from 112.95.230.3
Dec 10 07:28:25 LabSZ sshd[24265]: input_userauth_request: invalid user utsims [preauth]
Dec 10 07:28:25 LabSZ sshd[24265]: pam_unix(sshd:auth): check pass; user unknown
Dec 10 07:28:25 LabSZ sshd[24265]: pam_unix(sshd:auth): authentication failure; logname= uid=0 euid=0 tty=ssh ruser= rhost=112.95.230.3 
Dec 10 07:28:28 LabSZ sshd[24265]: Failed password for invalid user utsims from 112.95.230.3 port 41506 ssh2
Dec 10 07:28:28 LabSZ sshd[24265]: Received disconnect from 112.95.230.3: 11: Bye Bye [preauth]
Dec 10 07:28:28 LabSZ sshd[24267]: pam_unix(sshd:auth): authentication failure; logname= uid=0 euid=0 tty=ssh ruser= rhost=112.95.230.3  user=root
Dec 10 07:28:30 LabSZ sshd[24267]: Failed password for root from 112.95.230.3 port 42881 ssh2
Dec 10 07:28:30 LabSZ sshd[24267]: Received disconnect from 112.95.230.3: 11: Bye Bye [preauth]
Dec 10 07:28:31 LabSZ sshd[24269]: pam_unix(sshd:auth): authentication failure; logname= uid=0 euid=0 tty=ssh ruser= rhost=112.95.230.3  user=root
Dec 10 07:28:33 LabSZ sshd[24269]: Failed password for root from 112.95.230.3 port 43981 ssh2
Dec 10 07:28:33 LabSZ sshd[24269]: Received disconnect from 112.95.230.3: 11: Bye Bye [preauth]
Dec 10 07:28:33 LabSZ sshd[24271]: pam_unix(sshd:auth): authentication failure; logname= uid=0 euid=0 tty=ssh ruser= rhost=112.95.230.3  user=root
Dec 10 07:28:35 LabSZ sshd[24271]: Failed password for root from 112.95.230.3 port 44900 ssh2
Dec 10 07:28:35 LabSZ sshd[24271]: Received disconnect from 112.95.230.3: 11: Bye Bye [preauth]
Dec 10 07:28:35 LabSZ sshd[24273]: pam_unix(sshd:auth): authentication failure; logname= uid=0 euid=0 tty=ssh ruser= rhost=112.95.230.3  user=root
Dec 10 07:28:37 LabSZ sshd[24273]: Failed password for root from 112.95.230.3 port 45699 ssh2
Dec 10 07:28:37 LabSZ sshd[24273]: Received disconnect from 112.95.230.3: 11: Bye Bye [preauth]
Dec 10 07:28:37 LabSZ sshd[24275]: pam_unix(sshd:auth): authentication failure; logname= uid=0 euid=0 tty=ssh ruser= rhost=112.95.230.3  user=root
Dec 10 07:28:39 LabSZ sshd[24275]: Failed password for root from 112.95.230.3 port 46577 ssh2
Dec 10 07:28:39 LabSZ sshd[24275]: Received disconnect from 112.95.230.3: 11: Bye Bye [preauth]
Dec 10 07:28:40 LabSZ sshd[24277]: pam_unix(sshd:auth): authentication failure; logname= uid=0 euid=0 tty=ssh ruser= rhost=112.95.230.3  user=root
Dec 10 07:28:42 LabSZ sshd[24277]: Failed password for root from 112.95.230.3 port 47836 ssh2
Dec 10 07:28:42 LabSZ sshd[24277]: Received disconnect from 112.95.230.3: 11: Bye Bye [preauth]
Dec 10 07:28:42 LabSZ sshd[24279]: pam_unix(sshd:auth): authentication failure; logname= uid=0 euid=0 tty=ssh ruser= rhost=112.95.230.3  user=root
Dec 10 07:28:44 LabSZ sshd[24279]: Failed password for root from 112.95.230.3 port 49133 ssh2
Dec 10 07:28:44 LabSZ sshd[24279]: Received disconnect from 112.95.230.3: 11: Bye Bye [preauth]
Dec 10 07:28:45 LabSZ sshd[24281]: pam_unix(sshd:auth): authentication failure; logname= uid=0 euid=0 tty=ssh ruser= rhost=112.95.230.3  user=root
Dec 10 07:28:46 LabSZ sshd[24281]: Failed password for root from 112.95.230.3 port 50655 ssh2
Dec 10 07:28:46 LabSZ sshd[24281]: Received disconnect from 112.95.230.3: 11: Bye Bye [preauth]
Dec 10 07:28:47 LabSZ sshd[24283]: pam_unix(sshd:auth): authentication failure; logname= uid=0 euid=0 tty=ssh ruser= rhost=112.95.230.3  user=root
Dec 10 07:28:49 LabSZ sshd[24283]: Failed password for root from 112.95.230.3 port 51982 ssh2
Dec 10 07:28:49 LabSZ sshd[24283]: Received disconnect from 112.95.230.3: 11: Bye Bye [preauth]
Dec 10 07:28:49 LabSZ sshd[24285]: pam_unix(sshd:auth): authentication failure; logname= uid=0 euid=0 tty=ssh ruser= rhost=112.95.230.3  user=root
Dec 10 07:28:51 LabSZ sshd[24285]: Failed password for root from 112.95.230.3 port 53584 ssh2
Dec 10 07:28:51 LabSZ sshd[24285]: Received disconnect from 112.95.230.3: 11: Bye Bye [preauth]
Dec 10 07:32:24 LabSZ sshd[24287]: pam_unix(sshd:auth): authentication failure; logname= uid=0 euid=0 tty=ssh ruser= rhost=123.235.32.19  user=root
Dec 10 07:32:27 LabSZ sshd[24287]: Failed password for root from 123.235.32.19 port 40652 ssh2
Dec 10 07:32:27 LabSZ sshd[24287]: Received disconnect from 123.235.32.19: 11: Bye Bye [preauth]
Dec 10 07:32:27 LabSZ sshd[24289]: pam_unix(sshd:auth): authentication failure; logname= uid=0 euid=0 tty=ssh ruser= rhost=123.235.32.19  user=root
Dec 10 07:32:29 LabSZ sshd[24289]: Failed password for root from 123.235.32.19 port 49720 ssh2
Dec 10 07:32:29 LabSZ sshd[24289]: Received disconnect from 123.235.32.19: 11: Bye Bye [preauth]
Dec 10 07:33:58 LabSZ sshd[24291]: pam_unix(sshd:auth): authentication failure; logname= uid=0 euid=0 tty=ssh ruser= rhost=123.235.32.19  user=root
Dec 10 07:34:00 LabSZ sshd[24291]: Failed password for root from 123.235.32.19 port 45568 ssh2
Dec 10 07:34:00 LabSZ sshd[24291]: Received disconnect from 123.235.32.19: 11: Bye Bye [preauth]
Dec 10 07:34:02 LabSZ sshd[24293]: pam_unix(sshd:auth): authentication failure; logname= uid=0 euid=0 tty=ssh ruser= rhost=123.235.32.19  user=root
Dec 10 07:34:04 LabSZ sshd[24293]: Failed password for root from 123.235.32.19 port 48588 ssh2
Dec 10 07:34:06 LabSZ sshd[24293]: Received disconnect from 123.235.32.19: 11: Bye Bye [preauth]
Dec 10 07:34:07 LabSZ sshd[24295]: pam_unix(sshd:auth): authentication failure; logname= uid=0 euid=0 tty=ssh ruser= rhost=123.235.32.19  user=root
Dec 10 07:34:10 LabSZ sshd[24295]: Failed password for root from 123.235.32.19 port 50950 ssh2
Dec 10 07:34:10 LabSZ sshd[24295]: Received disconnect from 123.235.32.19: 11: Bye Bye [preauth]
Dec 10 07:34:13 LabSZ sshd[24297]: pam_unix(sshd:auth): authentication failure; logname= uid=0 euid=0 tty=ssh ruser= rhost=123.235.32.19  user=root
Dec 10 07:34:15 LabSZ sshd[24297]: Failed password for root from 123.235.32.19 port 54024 ssh2
Dec 10 07:34:15 LabSZ sshd[24297]: Received disconnect from 123.235.32.19: 11: Bye Bye [preauth]
Dec 10 07:34:21 LabSZ sshd[24299]: pam_unix(sshd:auth): authentication failure; logname= uid=0 euid=0 tty=ssh ruser= rhost=123.235.32.19  user=root
Dec 10 07:34:23 LabSZ sshd[24299]: Failed password for root from 123.235.32.19 port 57100 ssh2
Dec 10 07:34:24 LabSZ sshd[24299]: Received disconnect from 123.235.32.19: 11: Bye Bye [preauth]